// Jest Snapshot v1, https://goo.gl/fbAQLP

exports[`Dropzone basics should render children 1`] = `"<div><input type=\\"file\\" multiple=\\"\\" autocomplete=\\"off\\" style=\\"display: none;\\"></div>"`;

exports[`Dropzone document drop protection does not prevent stray drops when preventDropOnDocument is false 1`] = `"<div><input type=\\"file\\" multiple=\\"\\" autocomplete=\\"off\\" style=\\"display: none;\\"></div>"`;

exports[`Dropzone document drop protection installs hooks to prevent stray drops from taking over the browser window 1`] = `"<div><input type=\\"file\\" multiple=\\"\\" autocomplete=\\"off\\" style=\\"display: none;\\"><p>Content</p></div>"`;
