// Vitest Snapshot v1, https://vitest.dev/guide/snapshot.html

exports[`useDropzone() hook > behavior > renders the root and input nodes with the necessary props 1`] = `"<div role="presentation" tabindex="0"><input multiple="" aria-label="file upload" style="border: 0px; display: block; height: 0px; margin: 0px; opacity: 0; overflow: hidden; padding: 0px; width: 0px;" tabindex="-1" type="file"></div>"`;
