// Vitest Snapshot v1, https://vitest.dev/guide/snapshot.html

exports[`useDropzone() hook > behavior > renders the root and input nodes with the necessary props 1`] = `"<div role="presentation" tabindex="0"><input multiple="" aria-label="file upload" style="border: 0px; clip: rect(0px, 0px, 0px, 0px); clip-path: inset(50%); height: 1px; margin: 0px -1px -1px 0px; overflow: hidden; padding: 0px; position: absolute; width: 1px; white-space: nowrap;" tabindex="-1" type="file"></div>"`;
